 adpinv

 Timestamp is 4a76a2a5 (Mon Aug 03 14:11:09 2009)

 Preferred load address is 00010000

 Start         Length     Name                   Class
 0001:00000000 0001eb70H .text                   CODE
 0001:0001eb70 000000a1H .text$s                 CODE
 0002:00000000 0000007cH .idata$5                DATA
 0002:00000080 0000001cH .rdata                  DATA
 0002:0000009c 00000050H .rdata$debug            DATA
 0003:00000000 000006b0H .data                   DATA
 0003:000006c0 00000260H .bss                    DATA
 0004:00000000 00000043H INIT                    CODE
 0004:00000044 0000003cH .idata$2                CODE
 0004:00000080 00000014H .idata$3                CODE
 0004:00000094 0000007cH .idata$4                CODE
 0004:00000110 000002c8H .idata$6                CODE
 0005:00000000 000000a0H .rsrc$01                DATA
 0005:000000a0 00000b90H .rsrc$02                DATA

  Address         Publics by Value              Rva+Base       Lib:Object

 0000:00000000       ___safe_se_handler_count   00000000     <absolute>
 0000:00000000       ___safe_se_handler_table   00000000     <absolute>
 0001:00000006       _WriteEvent@12             00011006 f   win_utils.obj
 0001:000000b6       _setRegistryPath@4         000110b6 f   regreader.obj
 0001:000000e0       _isHibernationString@4     000110e0 f   regreader.obj
 0001:0000015a       _RtlUnicodeStringCbCatN@12 0001115a f i regreader.obj
 0001:00000246       _readRegConfiguration@8    00011246 f   regreader.obj
 0001:00000434       _SP_INC@16                 00011434 f   ntinit.obj
 0001:000004aa       _SP_DEC@16                 000114aa f   ntinit.obj
 0001:00000504       _HwFindAdapter@24          00011504 f   ntinit.obj
 0001:00000ade       _HwBuildIo@8               00011ade f   ntinit.obj
 0001:00000bee       _HwIoIsr@4                 00011bee f   ntinit.obj
 0001:00000bfe       _HwResetBus@8              00011bfe f   ntinit.obj
 0001:00000c22       _InitializeLuExtension@16  00011c22 f i ntinit.obj
 0001:00000cc2       _QueueIOD@8                00011cc2 f i ntinit.obj
 0001:00000d0e       _DeQueueIOD@8              00011d0e f i ntinit.obj
 0001:00000dd0       _OsmGetIoTimeoutTicks@12   00011dd0 f i ntinit.obj
 0001:00000ed4       _OsmCompleteSrb@28         00011ed4 f i ntinit.obj
 0001:00000ff6       _AdjustTimeout@12          00011ff6 f   ntinit.obj
 0001:000010ea       _CheckForRequestSense@8    000120ea f   ntinit.obj
 0001:00001182       _SetIODFlagAsAborted@20    00012182 f i ntinit.obj
 0001:000011f8       _PostOsmResetTMF@4         000121f8 f   ntinit.obj
 0001:00001332       _PostOsmTMF@4              00012332 f   ntinit.obj
 0001:0000140c       _OsmTMFEvents@16           0001240c f   ntinit.obj
 0001:000015c2       _OsmTimer@4                000125c2 f   ntinit.obj
 0001:0000172e       _HwInitialize@4            0001272e f   ntinit.obj
 0001:00001822       _OsmSetCustomIOStatus@8    00012822 f i ntinit.obj
 0001:00001944       _HwAdapterControl@12       00012944 f   ntinit.obj
 0001:000019f8       _PostIOD@4                 000129f8 f   ntinit.obj
 0001:00001df4       _HwStartIo@8               00012df4 f   ntinit.obj
 0001:000023ba       _DriverEntry@8             000133ba f   ntinit.obj
 0001:000024fe       _XMemZero@8                000134fe f   osif.obj
 0001:00002546       _XMemCpy@12                00013546 f   osif.obj
 0001:0000258c       _XOSMDelay@8               0001358c f   osif.obj
 0001:0000258c       _XMicrosecondDelay@8       0001358c f   osif.obj
 0001:000025d6       _XNotify@16                000135d6 f   osif.obj
 0001:000026fa       _XOSMReadPCIConfigurationDword@8 000136fa f   osif.obj
 0001:00002718       _XOSMReadPCIConfigurationWord@8 00013718 f   osif.obj
 0001:00002784       _XOSMReadPCIConfigurationByte@8 00013784 f   osif.obj
 0001:000027f0       _XOSMWritePCIConfigurationDword@12 000137f0 f   osif.obj
 0001:00002820       _XOSMWritePCIConfigurationWord@12 00013820 f   osif.obj
 0001:00002850       _XOSMWritePCIConfigurationByte@12 00013850 f   osif.obj
 0001:00002880       _XGetDriverState@4         00013880 f   osif.obj
 0001:00002898       _XLogEvent@8               00013898 f   osif.obj
 0001:000028bc       _XAlignedMemAllocPastOH@16 000138bc f   osif.obj
 0001:00002902       _ReturnMaxMemAlloc@0       00013902 f   osif.obj
 0001:0000290e       _XMemoryReductionRequired@4 0001390e f   osif.obj
 0001:00002926       _Timer_AddRequest@20       00013926 f   osif.obj
 0001:00002930       _PollForInterrupt@4        00013930 f   osif.obj
 0001:00002956       _XOSMWriteEventLog@8       00013956 f   osif.obj
 0001:00002978       _XReturnPhysAddr@12        00013978 f   osif.obj
 0001:000029c8       _XReturnPhysAddr_PAE@12    000139c8 f   osif.obj
 0001:00002a40       _OSMMapIOHandle@28         00013a40 f   osmif.obj
 0001:00002abc       _OSMReleaseIOHandle@8      00013abc f   osmif.obj
 0001:00002ad4       _OSMAdjustBusAddress@8     00013ad4 f   osmif.obj
 0001:00002aea       _OSMReadUExact8@8          00013aea f   osmif.obj
 0001:00002b18       _OSMReadUExact16@8         00013b18 f   osmif.obj
 0001:00002b46       _OSMReadUExact32@8         00013b46 f   osmif.obj
 0001:00002b74       _OSMReadStringUExact8@20   00013b74 f   osmif.obj
 0001:00002bca       _OSMReadStringUExact16@20  00013bca f   osmif.obj
 0001:00002c20       _OSMReadStringUExact32@20  00013c20 f   osmif.obj
 0001:00002c72       _OSMWriteUExact8@12        00013c72 f   osmif.obj
 0001:00002ca6       _OSMWriteUExact16@12       00013ca6 f   osmif.obj
 0001:00002cdc       _OSMWriteUExact32@12       00013cdc f   osmif.obj
 0001:00002d10       _OSMWriteStringUExact8@20  00013d10 f   osmif.obj
 0001:00002d6e       _OSMWriteStringUExact16@20 00013d6e f   osmif.obj
 0001:00002dcc       _OSMWriteStringUExact32@20 00013dcc f   osmif.obj
 0001:00002e2a       _OSMReadPCIConfigurationDword@8 00013e2a f   osmif.obj
 0001:00002e3a       _OSMReadPCIConfigurationWord@8 00013e3a f   osmif.obj
 0001:00002e4a       _OSMReadPCIConfigurationByte@8 00013e4a f   osmif.obj
 0001:00002e5a       _OSMWritePCIConfigurationDword@12 00013e5a f   osmif.obj
 0001:00002e6a       _OSMWritePCIConfigurationWord@12 00013e6a f   osmif.obj
 0001:00002e7a       _OSMWritePCIConfigurationByte@12 00013e7a f   osmif.obj
 0001:00002e8a       _OSMWriteEventLog@8        00013e8a f   osmif.obj
 0001:00002e9a       _FillOutOSMPointers@8      00013e9a f   osmif.obj
 0001:00002f8a       _SetPostFunc@8             00013f8a f   resource.obj
 0001:00002fb4       _RetryIODDispatch@4        00013fb4 f   resource.obj
 0001:00002fea       _CreateDMASenseBuffers@4   00013fea f   resource.obj
 0001:00003052       _AssignDMASenseBuffer@8    00014052 f   resource.obj
 0001:000030aa       _FreeDMASenseBuffer@8      000140aa f   resource.obj
 0001:000030fe       _AllocStruc@12             000140fe f   resource.obj
 0001:000031b6       _InitIOB@8                 000141b6 f   resource.obj
 0001:00003202       _InitSpecialIOB@12         00014202 f   resource.obj
 0001:00003342       _AllocIODs@8               00014342 f   resource.obj
 0001:000033d8       _InitIOD@8                 000143d8 f   resource.obj
 0001:0000345e       _FreeIOD@8                 0001445e f   resource.obj
 0001:00003480       _GetFreePhysDevice@4       00014480 f   resource.obj
 0001:000034c8       _GetFreeTSCB@8             000144c8 f   resource.obj
 0001:00003520       _FreePhysDevice@8          00014520 f   resource.obj
 0001:0000353c       _FreeTSCB@12               0001453c f   resource.obj
 0001:00003564       _AllocSpecialIODs@8        00014564 f   resource.obj
 0001:000035d4       _FreeSpecialIOD@8          000145d4 f   resource.obj
 0001:000035fe       _AllocPhysDevice@4         000145fe f   resource.obj
 0001:0000363a       _Res_InitIOD@12            0001463a f   resource.obj
 0001:000036cc       _CreateIOBReserves@4       000146cc f   resource.obj
 0001:00003728       _CreateSpecialIODs@4       00014728 f   resource.obj
 0001:000037cc       _Res_InitAndRebuildIODLink@16 000147cc f   resource.obj
 0001:00003808       _CreateIODs@4              00014808 f   resource.obj
 0001:00003858       _PhysPolledIo@8            00014858 f   physif.obj
 0001:00003a06       _PostPhysQueueQuiesce@4    00014a06 f   physif.obj
 0001:00003ace       _PostStopPhysQueueEnablePhy@4 00014ace f   physif.obj
 0001:00003afe       _PostPhysQueueEnablePhy@4  00014afe f   physif.obj
 0001:00003cfa       _PhysGetDevicePortTSH@8    00014cfa f   physif.obj
 0001:00004282       _PhysGetLuTSH@12           00015282 f   physif.obj
 0001:00004486       _CdaCreatePD@8             00015486 f   physif.obj
 0001:00004584       _PhysAddSasDevice@4        00015584 f   physif.obj
 0001:0000482e       _PhysRemoveSasDevice@8     0001582e f   physif.obj
 0001:00004934       _FreeAllPD@4               00015934 f   physif.obj
 0001:000049aa       _CdaFreeSDPD@8             000159aa f   physif.obj
 0001:000049fc       _SizeIOBMemNeed@8          000159fc f   physif.obj
 0001:00004a60       _IssueTestDevicePresentSequence@4 00015a60 f   physif.obj
 0001:00004afa       _PostDevicePortInitialization@4 00015afa f   physif.obj
 0001:00004c32       _PerformDevicePortInitialization@4 00015c32 f   physif.obj
 0001:00004d96       _PostPacForAdapter@4       00015d96 f   physif.obj
 0001:00004e90       _CheckForNewDevicePorts@8  00015e90 f   physif.obj
 0001:00004ed0       _QueueResetAdapter@8       00015ed0 f   physif.obj
 0001:00004f04       _DiscoverNewPorts@4        00015f04 f   physif.obj
 0001:00004ffa       _PostCdaPerformLuRecovery@4 00015ffa f   physif.obj
 0001:00005156       _AbortTaskForProbeLuComplete@4 00016156 f   physif.obj
 0001:00005180       _ConvertAddressToBytes@12  00016180 f   physif.obj
 0001:000051b4       _SaveCrashdumpPtrs@8       000161b4 f   physif.obj
 0001:00005270       _CheckPendingPhysDeviceRemval@8 00016270 f   physif.obj
 0001:0000534e       _PostEnableFailedPhyDone@4 0001634e f   physif.obj
 0001:000053cc       _CheckFailedPhyBitMask@4   000163cc f   physif.obj
 0001:000054f4       _PostResetPortDone@4       000164f4 f   physif.obj
 0001:000055c2       _DoResetPort@8             000165c2 f   physif.obj
 0001:0000565a       _CdaDeviceLuValidation@8   0001665a f   physif.obj
 0001:000057ca       _PauseTasks@4              000167ca f   physif.obj
 0001:000058b4       _RestoreCrashDumpPointers@4 000168b4 f   physif.obj
 0001:00005922       _GetAndSetCHIMConfiguration@8 00016922 f   physif.obj
 0001:000059dc       _AllocateCHIMMemory@4      000169dc f   physif.obj
 0001:00005ad0       _PhysQueueQuiesce@4        00016ad0 f   physif.obj
 0001:00005b6a       _PhysQueueEnablePhy@4      00016b6a f   physif.obj
 0001:00005c3e       _CdaRemoveExistingDevice@8 00016c3e f   physif.obj
 0001:00005c64       _PhysStartAdapter@4        00016c64 f   physif.obj
 0001:00005eda       _InitializeSasChim@4       00016eda f   physif.obj
 0001:000060de       _ProcessNewTargets@4       000170de f   physif.obj
 0001:00006258       _PostTestDevicePresent_InitializationTime@4 00017258 f   physif.obj
 0001:000062e2       _PostProbeLuForSasDevice@4 000172e2 f   physif.obj
 0001:00006494       _SendPACForAdapter@4       00017494 f   physif.obj
 0001:0000658c       _HandleIobEvents@4         0001758c f   physif.obj
 0001:000066ac       _CdaStopAdapter@4          000176ac f   physif.obj
 0001:0000677c       _CdaRestartAdapter@4       0001777c f   physif.obj
 0001:000067d2       _HandleLocalLuEvents@4     000177d2 f   physif.obj
 0001:00006844       _UpdateArraySysDeviceComplete@4 00017844 f   physif.obj
 0001:0000687a       _CdaCheckNewlyArrivedDevice@8 0001787a f   physif.obj
 0001:00006890       _CdaNotify@12              00017890 f   physif.obj
 0001:000068c2       _PerformLuDiscovery@4      000178c2 f   physif.obj
 0001:00006a38       _OSMIobEvent               00017a38 f   physif.obj
 0001:00006a66       _OSMLocalLuEvent@8         00017a66 f   physif.obj
 0001:00006a8c       _CdaLuValidationToPort@4   00017a8c f   physif.obj
 0001:00006ada       _ValidateTargetsForPort@4  00017ada f   physif.obj
 0001:00006d4a       _ValidatePort@4            00017d4a f   physif.obj
 0001:00006e3e       _HandleAdapterEvents@4     00017e3e f   physif.obj
 0001:00007284       _HandleLuEvents@4          00018284 f   physif.obj
 0001:00007486       _PostCdaAbortTaskSet@4     00018486 f   physif.obj
 0001:000075ea       _PostPacForPort@4          000185ea f   physif.obj
 0001:0000771a       _OSMAdapterEvent           0001871a f   physif.obj
 0001:000077e6       _OSMLuEvent                000187e6 f   physif.obj
 0001:0000782a       _SendPACForPort@4          0001882a f   physif.obj
 0001:0000790c       _HandlePortEvents@4        0001890c f   physif.obj
 0001:00007ae2       _OSMPortEvent              00018ae2 f   physif.obj
 0001:00007b6a       _CdaDeviceLuValidationComplete@4 00018b6a f   physif.obj
 0001:00007db0       _ConstructAbortedStatus@4  00018db0 f   core.obj
 0001:00007de4       _DoCdaStartScan@4          00018de4 f   core.obj
 0001:00007e06       _CdaStartScan@4            00018e06 f   core.obj
 0001:00007e46       _XMemClearDeviceTableEntry@4 00018e46 f   core.obj
 0001:00007e9c       _AddIODToIOQueue@4         00018e9c f   core.obj
 0001:00007ee4       _RemoveIODFromIOQueue@4    00018ee4 f   core.obj
 0001:00007f26       _ResetHardwareComplete@4   00018f26 f   core.obj
 0001:00007f66       _ResetAdapterComplete@4    00018f66 f   core.obj
 0001:00007fe4       _XMemCmp@12                00018fe4 f   core.obj
 0001:00008018       _PlaceIODWaiting@8         00019018 f   core.obj
 0001:0000804e       _ReleaseAdapterBuffer@4    0001904e f   core.obj
 0001:00008072       _LockAdapterBuffer@8       00019072 f   core.obj
 0001:000080d6       _AdapterResetPending@4     000190d6 f   core.obj
 0001:000080f2       _PortFreeze@4              000190f2 f i core.obj
 0001:00008116       _SetupPollIOD@8            00019116 f   core.obj
 0001:00008370       _ResetLogicalUnitComplete@4 00019370 f   core.obj
 0001:00008412       _GetDeviceQueueDepth@8     00019412 f   core.obj
 0001:0000845e       _GetDeviceType@4           0001945e f   core.obj
 0001:00008472       _IoIsr@4                   00019472 f   core.obj
 0001:000084dc       _PostXCfgDiscoveryOnlyIF@4 000194dc f   core.obj
 0001:00008546       _PhysDeviceMemoryAllocation@4 00019546 f   core.obj
 0001:000085ae       _ComputeTotalMemRequired@4 000195ae f   core.obj
 0001:00008648       _GetCHIMMemoryRequirement@4 00019648 f   core.obj
 0001:0000878a       _RestartPendingIOs@4       0001978a f   core.obj
 0001:0000880a       _PostPendingIODs@12        0001980a f   core.obj
 0001:00008994       _SetupRequestSenseIODForATAPI@4 00019994 f   core.obj
 0001:00008a24       _PostATAPICommand@4        00019a24 f   core.obj
 0001:00008b24       _ShutDown@4                00019b24 f   core.obj
 0001:00008b3e       _SpecialMemoryAllocation@4 00019b3e f   core.obj
 0001:00008c74       _PollInformationalExceptionsComplete@4 00019c74 f   core.obj
 0001:00008d08       _FlushIOsOnPD@4            00019d08 f   core.obj
 0001:00008d66       _ExecuteOSCommand@4        00019d66 f   core.obj
 0001:00008dca       _XCfgDiscoveryOnlyIF@8     00019dca f   core.obj
 0001:00008df6       _SysInit@4                 00019df6 f   core.obj
 0001:00008e8a       _PollInformationalExceptions@4 00019e8a f   core.obj
 0001:00008f5c       _ResetAdapter@4            00019f5c f   core.obj
 0001:000090a2       _ResetHardware@4           0001a0a2 f   core.obj
 0001:00009138       _ResetLogicalUnit@12       0001a138 f   core.obj
 0001:00009222       _ResetDevicePort@8         0001a222 f   core.obj
 0001:00009350       _ResetDevicePortComplete@4 0001a350 f   core.obj
 0001:0000952e       _CdaTimer@4                0001a52e f   core.obj
 0001:000095ba       _CdaTMFRequest@12          0001a5ba f   core.obj
 0001:0000972e       _TestDevicePresent@8       0001a72e f   core.obj
 0001:00009756       _QueryCommandComplete@4    0001a756 f   himif.obj
 0001:00009756       _TMFRequestComplete@4      0001a756 f   core.obj
 0001:0000977a       _SetIODTimeout@8           0001a77a f   himif.obj
 0001:000097ae       _SendToHIM@4               0001a7ae f   himif.obj
 0001:00009860       _IOPull@4                  0001a860 f   himif.obj
 0001:000098ce       _DispatchToHIM@4           0001a8ce f   himif.obj
 0001:0000995a       _RetryCommand@4            0001a95a f   himif.obj
 0001:000099ec       _QueryIOD@4                0001a9ec f   himif.obj
 0001:00009a86       _ReceiveFromHIM@4          0001aa86 f   himif.obj
 0001:00009c4c       _XlateIODToIOB@4           0001ac4c f   himif.obj
 0001:00009da0       _PostXCfgAdapterIF@4       0001ada0 f   himif.obj
 0001:00009f98       _XCfgAdapterIF@8           0001af98 f   himif.obj
 0001:0000a048       _AssignDeviceElementNumberToMatchingDevice@16 0001b048 f   ses2dev.obj
 0001:0000a104       _FindRelativePositionOfSES2Devices@4 0001b104 f   ses2dev.obj
 0001:0000a224       _CdaAssignPTMapForDirectAttachedDevice@8 0001b224 f   ses2dev.obj
 0001:0000a334       _CdaAssignPTMapAndNotifyOSM@4 0001b334 f   ses2dev.obj
 0001:0000a40c       _PostSES2DeviceElementStatusPage@4 0001b40c f   ses2dev.obj
 0001:0000a692       _IssueSES2DeviceElementStatusPage@4 0001b692 f   ses2dev.obj
 0001:0000a762       _PostSES2ConfigurationDiagPage@4 0001b762 f   ses2dev.obj
 0001:0000a7fc       _IssueSES2ConfigurationDiagPage@4 0001b7fc f   ses2dev.obj
 0001:0000a89e       _DoEnumerateSES2EnclosureDevices@4 0001b89e f   ses2dev.obj
 0001:0000aa9a       _PostSES2ElementDescriptorPage@4 0001ba9a f   ses2dev.obj
 0001:0000abec       _EnumerateSES2EnclosureDevices@4 0001bbec f   ses2dev.obj
 0001:0000ac44       _CoreTimer_CheckIODTimeout@4 0001bc44 f   recover.obj
 0001:0000aea2       _AbortCommandComplete@4    0001bea2 f   recover.obj
 0001:0000af30       _ChannelReset@8            0001bf30 f   recover.obj
 0001:0000b0f0       _CheckForDeviceRemoval@4   0001c0f0 f   recover.obj
 0001:0000b198       _PostAbortForPACAtPortLevel@4 0001c198 f   recover.obj
 0001:0000b1d0       _PostAbortProbeLuOrDevicePortInitComplete@4 0001c1d0 f   recover.obj
 0001:0000b1d0       _PostAbortForPACAtAdapterLevel@4 0001c1d0 f   recover.obj
 0001:0000b1fa       _PostResetDevicePortProbeLuOrDevicePortInitComplete@4 0001c1fa f   recover.obj
 0001:0000b264       _ResetSASHardwareComplete@4 0001c264 f   recover.obj
 0001:0000b2b6       _TimerResetDevicePort@4    0001c2b6 f   recover.obj
 0001:0000b2f6       _TimerValidateDevicePort@4 0001c2f6 f   recover.obj
 0001:0000b398       _checkDeviceStatus@4       0001c398 f   recover.obj
 0001:0000b3cc       _AbortIOD@8                0001c3cc f   recover.obj
 0001:0000b476       _CheckPACForAdapter@4      0001c476 f   recover.obj
 0001:0000b564       _CheckPACForPort@4         0001c564 f   recover.obj
 0001:0000b84e       _ResetSASHardware@4        0001c84e f   recover.obj
 0001:0000b906       _TimerCheckPendingRequest@4 0001c906 f   recover.obj
 0001:0000b962       _SCSI_MakeModePageCaching@12 0001c962 f   ata2scsi.obj
 0001:0000b9ca       _SCSI_MakeSMARTReturnStatusCommand@8 0001c9ca f   ata2scsi.obj
 0001:0000ba56       _SCSI_MakeCacheCommand@16  0001ca56 f   ata2scsi.obj
 0001:0000bb00       _SCSI_MakeSynchronizeCacheCommmand@8 0001cb00 f   ata2scsi.obj
 0001:0000bb48       _mv_disable_hba@8          0001cb48 f   core_adpt.obj
 0001:0000bbac       _mv_reset_phy@12           0001cbac f   core_adpt.obj
 0001:0000bcce       _mv_enable_xmt@8           0001ccce f   core_adpt.obj
 0001:0000bd1c       _mv_disable_xmt@8          0001cd1c f   core_adpt.obj
 0001:0000bd6c       _mv_disable_register_set@12 0001cd6c f   core_adpt.obj
 0001:0000bdca       _mv_set_SASAddr@8          0001cdca f   core_adpt.obj
 0001:0000bf3a       _Core_MapHDId@16           0001cf3a f   core_api.obj
 0001:0000bfc6       _Core_GetHDInformation@12  0001cfc6 f   core_api.obj
 0001:0000c238       _Core_GetHDInformation_Ext@12 0001d238 f   core_api.obj
 0001:0000c4a2       _Core_GetExpInformationCallback@8 0001d4a2 f   core_api.obj
 0001:0000c5b2       _Core_GetExpInformationHardware@24 0001d5b2 f   core_api.obj
 0001:0000c680       _Core_GetExpInformation@16 0001d680 f   core_api.obj
 0001:0000c7ba       _Core_GetHDConfiguration@16 0001d7ba f   core_api.obj
 0001:0000c80a       _core_pd_request_get_HD_status@8 0001d80a f   core_api.obj
 0001:0000c898       _core_pd_request_set_HD_config@8 0001d898 f   core_api.obj
 0001:0000cade       _core_pd_request_BSL_dump@8 0001dade f   core_api.obj
 0001:0000caf6       _Core_pd_command@8         0001daf6 f   core_api.obj
 0001:0000cb2c       _Core_pass_thru_fill_taskfile@8 0001db2c f   core_api.obj
 0001:0000cb36       _Core_GetHDInfo@12         0001db36 f   core_api.obj
 0001:0000cbc6       _Core_GetHDInfo_Ext@12     0001dbc6 f   core_api.obj
 0001:0000cc56       _Core_GetExpInfo@16        0001dc56 f   core_api.obj
 0001:0000cd10       _Core_GetHDConfig@12       0001dd10 f   core_api.obj
 0001:0000cda4       _core_pd_request_get_HD_info@8 0001dda4 f   core_api.obj
 0001:0000cdf0       _core_pd_request_get_HD_info_ext@8 0001ddf0 f   core_api.obj
 0001:0000ce3c       _core_pd_request_get_expander_info@8 0001de3c f   core_api.obj
 0001:0000ceb6       _core_pd_request_get_HD_config@8 0001deb6 f   core_api.obj
 0001:0000da02       _HandleInstantRequest@8    0001ea02 f   core_exp.obj
 0001:0000dbb6       _SATA_PrepareCommandHeader@16 0001ebb6 f   core_exp.obj
 0001:0000dc9c       _SATA_PrepareCommandTable@16 0001ec9c f   core_exp.obj
 0001:0000dcda       _WriteDELV_Q_Entry@8       0001ecda f   core_exp.obj
 0001:0000dd26       _PrepareDeliveryQueueEntry@16 0001ed26 f   core_exp.obj
 0001:0000dd98       _VerifyCommandBeforeSending@12 0001ed98 f   core_exp.obj
 0001:0000e18a       _WaitForInterrupt@4        0001f18a f   core_exp.obj
 0001:0000e1cc       _Core_ResetCmdSlot@8       0001f1cc f   core_exp.obj
 0001:0000e2cc       _CORE_IssueSMPRequest@20   0001f2cc f   core_exp.obj
 0001:0000e380       _SAS_ErrorHandling@8       0001f380 f   core_exp.obj
 0001:0000e5a4       _stopErrorLED@8            0001f5a4 f   core_exp.obj
 0001:0000e5f2       _SAS_HandleBRDCST@8        0001f5f2 f   core_exp.obj
 0001:0000e670       _SAS_HandleCompletedCommand@16 0001f670 f   core_exp.obj
 0001:0000ef78       _SATA_HandleDeviceUnplug@8 0001ff78 f   core_exp.obj
 0001:0000f0e0       _mv_core_register_module@0 000200e0 f   core_exp.obj
 0001:0000f0ec       _Port_HandleUnplug@8       000200ec f   core_exp.obj
 0001:0000f47e       _SATA_HandleDevicePlugin@8 0002047e f   core_exp.obj
 0001:0000f5ba       _Port_Handleplugin@8       000205ba f   core_exp.obj
 0001:0000f910       _ServiceInterrupt@4        00020910 f   core_exp.obj
 0001:0000f9ea       _HandleCommandQueue@4      000209ea f   core_exp.obj
 0001:0000fe70       _Core_InterruptServiceRoutine@4 00020e70 f   core_exp.obj
 0001:0000febc       _PrepareAndSendCommand@8   00020ebc f   core_exp.obj
 0001:00011018       _Core_InternalSendRequest@8 00022018 f   core_exp.obj
 0001:000110a2       _SATA_ErrorHandling@8      000220a2 f   core_exp.obj
 0001:0001123e       _Core_ReqTimeout@8         0002223e f   core_exp.obj
 0001:0001154c       _SATA_PortHandleInterrupt@16 0002254c f   core_exp.obj
 0001:00011a0a       _Core_ModuleEnableDisablePHY@12 00022a0a f   core_extern.obj
 0001:00011a36       _Core_FlashRead@16         00022a36 f   core_extern.obj
 0001:00011a7e       _Core_FlashWrite@16        00022a7e f   core_extern.obj
 0001:00011ac6       _Core_FlashSectErase@8     00022ac6 f   core_extern.obj
 0001:00011b52       _Core_GetSupportedCounts@48 00022b52 f   core_helper.obj
 0001:00011bf8       _Port_IsRequestRunning@8   00022bf8 f   core_helper.obj
 0001:00011ca2       _GetNCQTag@4               00022ca2 f   core_helper.obj
 0001:00011d34       _Core_FillSenseData@12     00022d34 f   core_helper.obj
 0001:00011d6a       _MV_DumpRegister@4         00022d6a f   core_helper.obj
 0001:00011e72       _FindRunningReqByTag@8     00022e72 f   core_helper.obj
 0001:00011ec8       _OSMWatchdog@12            00022ec8 f   osmif.obj
 0001:00011ec8       _OSMSynchronizeRange@12    00022ec8 f   osmif.obj
 0001:00011ec8       ___cancel_timer@12         00022ec8 f   core_helper.obj
 0001:00011ed0       _FreeExpanderToPool@8      00022ed0 f   core_helper.obj
 0001:00011f06       _FreePortToPool@8          00022f06 f   core_helper.obj
 0001:00011f46       _PreEmptyDevice@4          00022f46 f   core_helper.obj
 0001:00011f7e       _GetDeviceFromPool@4       00022f7e f   core_helper.obj
 0001:00012090       _GetExpanderFromPool@4     00023090 f   core_helper.obj
 0001:00012182       _GetPortFromPool@4         00023182 f   core_helper.obj
 0001:00012234       _GetCoreContextFromPool@4  00023234 f   core_helper.obj
 0001:0001225e       _FreeCoreContextToPool@8   0002325e f   core_helper.obj
 0001:0001228c       _GetSATAScratchFromPool@4  0002328c f   core_helper.obj
 0001:000122b2       _FreeSATAScratchToPool@8   000232b2 f   core_helper.obj
 0001:000122e0       _GetSMPScratchFromPool@4   000232e0 f   core_helper.obj
 0001:00012306       _FreeSMPScratchToPool@8    00023306 f   core_helper.obj
 0001:0001232c       _GetSGBufferFromPool@4     0002332c f   core_helper.obj
 0001:00012356       _FreeSGBufferToPool@8      00023356 f   core_helper.obj
 0001:00012384       _Device_MakeRequestSenseRequest@16 00023384 f   core_helper.obj
 0001:0001240e       _SMPRespLength@4           0002340e f   core_helper.obj
 0001:0001247e       _FreeRegisterSet@8         0002347e f   core_helper.obj
 0001:000124be       _AssignRegisterSet@8       000234be f   core_helper.obj
 0001:00012568       _Port_Monitor@4            00023568 f   core_helper.obj
 0001:000125fe       _CoreSaveOriginalCDB@8     000235fe f   core_helper.obj
 0001:0001262e       _CoreRestoreOriginalCDB@8  0002362e f   core_helper.obj
 0001:0001265a       _mvScsiInquiry@8           0002365a f   core_helper.obj
 0001:00012a28       _mvScsiReadCapacity@8      00023a28 f   core_helper.obj
 0001:00012ab4       _Core_get_mode_page_caching@8 00023ab4 f   core_helper.obj
 0001:00012b0c       _mvScsiModeSense@8         00023b0c f   core_helper.obj
 0001:00012d82       _mvScsiModeSelect@8        00023d82 f   core_helper.obj
 0001:00012de4       _mvScsiReportLun@8         00023de4 f   core_helper.obj
 0001:00012e7c       _CheckForDriveFailures@8   00023e7c f   core_helper.obj
 0001:00012f5e       _GetOneCommandSlot@8       00023f5e f   core_helper.obj
 0001:00012fa4       _SATSenseData@16           00023fa4 f   core_helper.obj
 0001:000130dc       _SATSenseData1@16          000240dc f   core_helper.obj
 0001:000131ca       _FreeDeviceToPool@8        000241ca f   core_helper.obj
 0001:00013238       _GetInternalReqFromPool@4  00024238 f   core_helper.obj
 0001:0001326a       _FreeInternalReqToPool@8   0002426a f   core_helper.obj
 0001:0001329e       _Expander_SMPReq_Callback@8 0002429e f   core_helper.obj
 0001:00013364       _Expander_SMPRequest_PhyControl@20 00024364 f   core_helper.obj
 0001:00013416       _Expander_SMPRequest_ReportPHYSATA@16 00024416 f   core_helper.obj
 0001:00013666       _Device_MakeRequestTaskRequest@12 00024666 f   core_helper.obj
 0001:00013786       _Device_MakeReadCapacityTaskRequest@4 00024786 f   core_helper.obj
 0001:00013830       _Device_MakeReadCapacity16TaskRequest@4 00024830 f   core_helper.obj
 0001:000138da       _Device_MakeInquiryTaskRequest@4 000248da f   core_helper.obj
 0001:00013980       _Device_MakeReportLunsTaskRequest@8 00024980 f   core_helper.obj
 0001:00013a4e       _Device_MakeTLREnablement@4 00024a4e f   core_helper.obj
 0001:00013aa4       _Device_MakeModeSenseRequest@4 00024aa4 f   core_helper.obj
 0001:00013b6c       _Device_MakeModeSelectRequest@4 00024b6c f   core_helper.obj
 0001:00013bd8       _CompleteRequest@12        00024bd8 f   core_helper.obj
 0001:00013fd4       _CompleteRequestAndSlot@12 00024fd4 f   core_helper.obj
 0001:000140b0       _RuntimeIssueSoftResetCallback@8 000250b0 f   core_helper.obj
 0001:00014188       _RuntimeIssueSoftReset@12  00025188 f   core_helper.obj
 0001:000142b0       _RuntimeIssueReadLogExt@8  000252b0 f   core_helper.obj
 0001:00014352       _Device_MakeStartStopUnitRequest@8 00025352 f   core_helper.obj
 0001:000143b4       _Port_AbortRequests@12     000253b4 f   core_helper.obj
 0001:00014660       _Device_ATAVoilateRequest@8 00025660 f   core_helper.obj
 0001:00014714       _HandleDeviceReset@8       00025714 f   core_helper.obj
 0001:0001479c       _HandlePortReset@8         0002579c f   core_helper.obj
 0001:00014894       _RemoveDevice@12           00025894 f   core_helper.obj
 0001:00014934       _Read_I2C_Register@8       00025934 f   core_i2c.obj
 0001:0001496c       _Write_I2C_Register@12     0002596c f   core_i2c.obj
 0001:000149b4       _I2C_InterruptServiceRoutine@4 000259b4 f   core_i2c.obj
 0001:00014c3e       _I2C_SendI2cFrame@8        00025c3e f   core_i2c.obj
 0001:00014c7e       _I2C_SataChecksum@12       00025c7e f   core_i2c.obj
 0001:00014ca8       _rev@4                     00025ca8 f   core_i2c.obj
 0001:00014ce2       _charToHex@8               00025ce2 f   core_i2c.obj
 0001:00014d48       _concat@8                  00025d48 f   core_i2c.obj
 0001:00014d7c       _I2C_MakeSerialNumber@12   00025d7c f   core_i2c.obj
 0001:00014e0c       _I2C_InquiryCmd@8          00025e0c f   core_i2c.obj
 0001:00015002       _I2C_IdentifyCallback@8    00026002 f   core_i2c.obj
 0001:0001508e       _PollI2CInterrupt@4        0002608e f   core_i2c.obj
 0001:00015102       _I2C_CycleAddress@8        00026102 f   core_i2c.obj
 0001:0001513e       _I2C_PrepareAndSendCommand@8 0002613e f   core_i2c.obj
 0001:000152b4       _I2C_MakeIdentifyRequest@4 000262b4 f   core_i2c.obj
 0001:000153e4       _CheckI2CDevice@4          000263e4 f   core_i2c.obj
 0001:000154f6       _I2C_ModuleInitialize@4    000264f6 f   core_i2c.obj
 0001:0001556c       _DISC_GetResource@12       0002656c f   core_ibcd.obj
 0001:0001558e       _DISC_SetResource@8        0002658e f   core_ibcd.obj
 0001:00015614       _FindTgtNo@8               00026614 f   core_ibcd.obj
 0001:0001580e       _Issue_ReportGeneral@12    0002680e f   core_ibcd.obj
 0001:00015868       _Issue_ReportManufacturerInformation@12 00026868 f   core_ibcd.obj
 0001:000158c2       _Issue_Discover@16         000268c2 f   core_ibcd.obj
 0001:0001596c       _Issue_ConfigRouteInfo@24  0002696c f   core_ibcd.obj
 0001:00015a1e       _CalculateRouteIndex@12    00026a1e f   core_ibcd.obj
 0001:00015a48       _FindFreeSMPContext@4      00026a48 f   core_ibcd.obj
 0001:00015a78       _FreeSMPContext@12         00026a78 f   core_ibcd.obj
 0001:00015ac0       _DiscoverySM@24            00026ac0 f   core_ibcd.obj
 0001:000165fa       _DISC_CheckDiscoverState@16 000275fa f   core_ibcd.obj
 0001:00016658       _DISC_DoDiscover@20        00027658 f   core_ibcd.obj
 0001:00016830       _DISC_CancelDiscover@8     00027830 f   core_ibcd.obj
 0001:000168d4       _DISC_GetTgtDevMap@20      000278d4 f   core_ibcd.obj
 0001:00016a16       _Core_SESExpanderRemove@4  00027a16 f   core_init.obj
 0001:00016b26       _SATA_PortDeviceDetected@4 00027b26 f   core_init.obj
 0001:00016bb4       _SATA_PortDeviceReady@8    00027bb4 f   core_init.obj
 0001:00016d2a       _SATA_PortDetect@8         00027d2a f   core_init.obj
 0001:00016dc8       _Port_FindTgtNo@8          00027dc8 f   core_init.obj
 0001:00016e2a       _CheckDeviceChange@12      00027e2a f   core_init.obj
 0001:00016fda       _GetMinNegotiatedLinkRate@4 00027fda f   core_init.obj
 0001:00017040       _GetMaxNegotiatedLinkRate@4 00028040 f   core_init.obj
 0001:000170a6       _SwapDeviceID@12           000280a6 f   core_init.obj
 0001:0001710c       _SwapExpID@12              0002810c f   core_init.obj
 0001:0001716a       _SwapPortID@12             0002816a f   core_init.obj
 0001:000171b8       _GetFirstPhy@8             000281b8 f   core_init.obj
 0001:000171f2       _IDSorting@4               000281f2 f   core_init.obj
 0001:0001767a       _UpdateWidePortPhyMap@4    0002867a f   core_init.obj
 0001:00017868       _DetectPortType@8          00028868 f   core_init.obj
 0001:000178d0       _UpdatePhyInfo@8           000288d0 f   core_init.obj
 0001:00018066       _SetDeviceID@4             00029066 f   core_init.obj
 0001:000180b6       _CreateDevicesForLus@12    000290b6 f   core_init.obj
 0001:000181c2       _SAS_Report_LUNs_Data_Changed@8 000291c2 f   core_init.obj
 0001:0001843e       _SAS_InternalReqCallback@8 0002943e f   core_init.obj
 0001:00018d0e       _Port_SoftResetCallback@8  00029d0e f   core_init.obj
 0001:00018dd6       _Device_IssueSoftReset@16  00029dd6 f   core_init.obj
 0001:00018f16       _Device_ParseIdentifyData@8 00029f16 f   core_init.obj
 0001:00019298       _GetInvernessType@4        0002a298 f   core_init.obj
 0001:000192ea       _getSEPDevice@4            0002a2ea f   core_init.obj
 0001:00019328       _isPermanentFailure@12     0002a328 f   core_init.obj
 0001:00019412       _polling_CallBack@8        0002a412 f   core_init.obj
 0001:0001946e       _prepareAndSendTestUnitReadyRequest@8 0002a46e f   core_init.obj
 0001:00019514       _getSlotFromMemberPhyMap@4 0002a514 f   core_init.obj
 0001:00019542       _ReportLUNsDataChange@4    0002a542 f   core_init.obj
 0001:000195a6       _activityBlinker@16        0002a5a6 f   core_init.obj
 0001:00019642       _SATA_PortReset@8          0002a642 f   core_init.obj
 0001:00019714       _UpdateTargetDevices@16    0002a714 f   core_init.obj
 0001:0001994c       _CheckTargetChange@8       0002a94c f   core_init.obj
 0001:00019bfc       _UpdateTgtDevMap@8         0002abfc f   core_init.obj
 0001:00019f94       _DiscoveryCallBack@8       0002af94 f   core_init.obj
 0001:0001a042       _SAS_PortReset@8           0002b042 f   core_init.obj
 0001:0001a28c       _I2C_ModuleCheck@4         0002b28c f   core_init.obj
 0001:0001a2da       _mvChannelStateMachine@8   0002b2da f   core_init.obj
 0001:0001a592       _SATA_DeviceStateMachine0@8 0002b592 f   core_init.obj
 0001:0001a7ac       _SATA_DeviceStateMachine@8 0002b7ac f   core_init.obj
 0001:0001a806       _mvAdapterStateMachine@8   0002b806 f   core_init.obj
 0001:0001aaea       _SESCmd_CallBack@8         0002baea f   core_init.obj
 0001:0001ab7e       _sendRcvDiagRequest@20     0002bb7e f   core_init.obj
 0001:0001ac02       _pollDiagnostics@4         0002bc02 f   core_init.obj
 0001:0001ad2a       _STP_DeviceReset@12        0002bd2a f   core_init.obj
 0001:0001ad9a       _AssignDeviceElementNumber@12 0002bd9a f   core_ses.obj
 0001:0001ae8e       _AssignDeviceOverallElementNumber@16 0002be8e f   core_ses.obj
 0001:0001af0a       _PostMakeSesConfigurationRequest@8 0002bf0a f   core_ses.obj
 0001:0001afac       _FindAsciiNumber@8         0002bfac f   core_ses.obj
 0001:0001aff4       _AssignElementSlotNumber@12 0002bff4 f   core_ses.obj
 0001:0001b064       _PostMakeSesElementDescriptorRequest@8 0002c064 f   core_ses.obj
 0001:0001b112       _PostMakeSesEnclosureStatusRequest@8 0002c112 f   core_ses.obj
 0001:0001b15e       _Device_MakeSesRcvDiagRequest@8 0002c15e f   core_ses.obj
 0001:0001b238       _PostMakeSesElementStatusRequest@8 0002c238 f   core_ses.obj
 0001:0001b31a       _SES_InternalReqCallback@8 0002c31a f   core_ses.obj
 0001:0001b3a2       _SGPIO_ReadRegister@8      0002c3a2 f   core_sgpio.obj
 0001:0001b3be       _SGPIO_WriteRegister@12    0002c3be f   core_sgpio.obj
 0001:0001b3dc       _SGPIO_Initialize@4        0002c3dc f   core_sgpio.obj
 0001:0001b470       _SGPIOLedStatus@12         0002c470 f   core_sgpio.obj
 0001:0001b50e       _SPI_Cmd@4                 0002c50e f   core_spi.obj
 0001:0001b532       _OdinSPI_WaitDataReady@8   0002c532 f   core_spi.obj
 0001:0001b57c       _OdinSPI_BuildCmd@20       0002c57c f   core_spi.obj
 0001:0001b5c2       _OdinSPI_IssueCmd@8        0002c5c2 f   core_spi.obj
 0001:0001b608       _OdinSPI_RDSR@8            0002c608 f   core_spi.obj
 0001:0001b66a       _OdinSPI_PollSR@16         0002c66a f   core_spi.obj
 0001:0001b6b4       _OdinSPI_WREN@4            0002c6b4 f   core_spi.obj
 0001:0001b704       _OdinSPI_SectErase@8       0002c704 f   core_spi.obj
 0001:0001b76a       _OdinSPI_Write@12          0002c76a f   core_spi.obj
 0001:0001b7e2       _OdinSPI_WriteBuf@16       0002c7e2 f   core_spi.obj
 0001:0001b828       _OdinSPI_Read@16           0002c828 f   core_spi.obj
 0001:0001b8ac       _OdinSPI_ReadBuf@16        0002c8ac f   core_spi.obj
 0001:0001b970       _OdinSPI_AtmelIdentify@4   0002c970 f   core_spi.obj
 0001:0001b9e2       _OdinSPI_MxicIdentify@4    0002c9e2 f   core_spi.obj
 0001:0001ba5a       _OdinSPI_Init@4            0002ca5a f   core_spi.obj
 0001:0001baa0       _SCSI_To_FIS@16            0002caa0 f   scsi2sata.obj
 0001:0001bb70       _Category_CDB_Type@8       0002cb70 f   scsi2sata.obj
 0001:0001bce2       _SCSI_ATA_CheckCondition@12 0002cce2 f   scsi2sata.obj
 0001:0001bd10       _SCSI_ATA_FillLBACdb10@8   0002cd10 f   scsi2sata.obj
 0001:0001bd3c       _SCSI_ATA_FillLBACdb16@8   0002cd3c f   scsi2sata.obj
 0001:0001bd74       _SCSI_ATA_FillCtrlModePage@8 0002cd74 f   scsi2sata.obj
 0001:0001bdac       _SCSI_ATA_FillRWErrorRecoveryModePage@4 0002cdac f   scsi2sata.obj
 0001:0001bdc8       _SCSI_ATA_FillCachingModePage@8 0002cdc8 f   scsi2sata.obj
 0001:0001bdf8       _SCSI_ATA_FillInfoExcepCtrlModePage@12 0002cdf8 f   scsi2sata.obj
 0001:0001be2a       _SCSI_ATA_EnableDisableFeature@12 0002ce2a f   scsi2sata.obj
 0001:0001be98       _SCSI_ATA_FormatUnitTranslation@12 0002ce98 f   scsi2sata.obj
 0001:0001beb2       _SCSI_ATA_InquiryTranslationCallback@8 0002ceb2 f   scsi2sata.obj
 0001:0001c164       _SCSI_ATA_InquiryTranslation@8 0002d164 f   scsi2sata.obj
 0001:0001c1d4       _SCSI_ATA_LogSenseTranslation@12 0002d1d4 f   scsi2sata.obj
 0001:0001c25c       _SCSI_ATA_ModeSenseTranslation@12 0002d25c f   scsi2sata.obj
 0001:0001c314       _SCSI_ATA_ModeSelectTranslation@12 0002d314 f   scsi2sata.obj
 0001:0001c3c2       _SCSI_ATA_ReadWriteTranslation@12 0002d3c2 f   scsi2sata.obj
 0001:0001c498       _SCSI_ATA_ReadCapacityTranslationCallback@8 0002d498 f   scsi2sata.obj
 0001:0001c4fe       _SCSI_ATA_ReadCapacityTranslation@8 0002d4fe f   scsi2sata.obj
 0001:0001c540       _SCSI_ATA_VerifyTranslation@8 0002d540 f   scsi2sata.obj
 0001:0001c5b8       _SCSI_ATA_SyncCacheTranslation@12 0002d5b8 f   scsi2sata.obj
 0001:0001c60e       _SCSI_ATA_SendDiagTranslation@8 0002d60e f   scsi2sata.obj
 0001:0001c644       _SCSI_ATA_TestUnitReadyTranslationCallback@8 0002d644 f   scsi2sata.obj
 0001:0001c674       _SCSI_ATA_TestUnitReadyTranslation@12 0002d674 f   scsi2sata.obj
 0001:0001c6b2       _SCSI_ATA_RequestSenseTranslation@12 0002d6b2 f   scsi2sata.obj
 0001:0001c6f8       _ATA_CDB2TaskFile@16       0002d6f8 f   scsi2sata.obj
 0001:0001ca12       _ATAPI_CDB2TaskFile@12     0002da12 f   scsi2sata.obj
 0001:0001cb1e       _MV_SetSenseData@16        0002db1e f   com_scsi.obj
 0001:0001cb5a       _Tag_Init@8                0002db5a f   com_tag.obj
 0001:0001cb94       _Tag_GetOne@4              0002db94 f   com_tag.obj
 0001:0001cbb6       _Tag_ReleaseOne@8          0002dbb6 f   com_tag.obj
 0001:0001cbdc       _Tag_IsEmpty@4             0002dbdc f   com_tag.obj
 0001:0001cbf6       _U64_ADD_U32@12            0002dbf6 f   com_u64.obj
 0001:0001cc10       _U64_SUBTRACT_U32@12       0002dc10 f   com_u64.obj
 0001:0001cc2a       _U64_COMPARE_U32@12        0002dc2a f   com_u64.obj
 0001:0001cc5a       _MV_ZeroMvRequest@4        0002dc5a f   com_util.obj
 0001:0001ccb2       _MV_Equals@12              0002dcb2 f   com_util.obj
 0001:0001cce4       _SGTable_Init@8            0002dce4 f   com_util.obj
 0001:0001cd04       _SGTable_Append@16         0002dd04 f   com_util.obj
 0001:0001cd3e       _MV_DecodeReadWriteCDB@12  0002dd3e f   com_util.obj
 0001:0001ceb0       _HBARequestCallback@8      0002deb0 f   mvchim_utils.obj
 0001:0001ceb0       _MvDisableIRQ@8            0002deb0 f   mvchim_init.obj
 0001:0001ceb0       ___add_timer@8             0002deb0 f   core_helper.obj
 0001:0001ceb0       _Timer_CancelRequest@8     0002deb0 f   osif.obj
 0001:0001ceb0       ___renew_timer@8           0002deb0 f   core_helper.obj
 0001:0001ceb0       _MV_DumpRequest@8          0002deb0 f   com_util.obj
 0001:0001ceb8       _MV_CRC@8                  0002deb8 f   com_util.obj
 0001:0001cf0c       _MvGetFunctionPointers@8   0002df0c f   mvchim_init.obj
 0001:0001cf2e       _Get_domain_port_from_tscb@4 0002df2e f   mvchim_init.obj
 0001:0001cf5e       _Mv_GetChimMemoryTable@4   0002df5e f   mvchim_init.obj
 0001:0001cfee       _MvGetConfiguration@12     0002dfee f   mvchim_init.obj
 0001:0001d012       _MvSetConfiguration@12     0002e012 f   mvchim_init.obj
 0001:0001d01c       _MvSizeAdapterTSCB@8       0002e01c f   mvchim_init.obj
 0001:0001d02a       _MvCreateAdapterTSCB@16    0002e02a f   mvchim_init.obj
 0001:0001d0a0       _MvSetupAdapterTSCB@12     0002e0a0 f   mvchim_init.obj
 0001:0001d0c8       _MvCheckMemoryNeeded@40    0002e0c8 f   mvchim_init.obj
 0001:0001d14c       _MvVerifyAdapter@4         0002e14c f   mvchim_init.obj
 0001:0001d18c       _get_module_resource@8     0002e18c f   mvchim_init.obj
 0001:0001d20c       _HBA_GetResource@16        0002e20c f   mvchim_init.obj
 0001:0001d24e       _mv_module_initialize@4    0002e24e f   mvchim_init.obj
 0001:0001d2e2       _MVInitializePhyTSCB@8     0002e2e2 f   mvchim_init.obj
 0001:0001d340       _MvGetPhyTSH@12            0002e340 f   mvchim_init.obj
 0001:0001d376       _MvFrontEndISR@4           0002e376 f   mvchim_init.obj
 0001:0001d39e       _MvBackEndISR@4            0002e39e f   mvchim_init.obj
 0001:0001d39e       _MvEnableIRQ@4             0002e39e f   mvchim_init.obj
 0001:0001d3a6       _MvGetPortTSH@8            0002e3a6 f   mvchim_init.obj
 0001:0001d3e8       _MvSizeDevicePortTSCB@4    0002e3e8 f   mvchim_init.obj
 0001:0001d4a0       _update_tscbs_frm_core@8   0002e4a0 f   mvchim_init.obj
 0001:0001d530       _MvCheckDevPortTSCBNeeded@8 0002e530 f   mvchim_init.obj
 0001:0001d5ae       _MvCreateDevicePortTSCB@16 0002e5ae f   mvchim_init.obj
 0001:0001d66e       _MvValidateDevicePortTSH@4 0002e66e f   mvchim_init.obj
 0001:0001d73a       _MvValidatePortTSH@4       0002e73a f   mvchim_init.obj
 0001:0001d766       _MvClearDevicePortTSH@4    0002e766 f   mvchim_init.obj
 0001:0001d78e       _MvClearPortTSH@4          0002e78e f   mvchim_init.obj
 0001:0001d7b6       _MvSizeLuTSCB@4            0002e7b6 f   mvchim_init.obj
 0001:0001d7c2       _MvCreateLuTSCB@16         0002e7c2 f   mvchim_init.obj
 0001:0001d7ec       _MvCheckIOBMemoryNeeded@36 0002e7ec f   mvchim_init.obj
 0001:0001d7f6       _MvCheckDeviceStatus@4     0002e7f6 f   mvchim_init.obj
 0001:0001d828       _MvCheckReportLUNSDataChange@4 0002e828 f   mvchim_init.obj
 0001:0001d85a       _MvSetMemoryPointer@16     0002e85a f   mvchim_init.obj
 0001:0001d9de       _mv_init@4                 0002e9de f   mvchim_init.obj
 0001:0001da5e       _MvQueueIOB@4              0002ea5e f   mvchim_init.obj
 0001:0001deb4       _MvCreateInitializationTSCB@8 0002eeb4 f   mvchim_init.obj
 0001:0001df20       _copy_frm_iob_sg@16        0002ef20 f   mvchim_utils.obj
 0001:0001df7a       _WriteEventLog@8           0002ef7a f   mvchim_utils.obj
 0001:0001df9e       _HBA_Notification@12       0002ef9e f   mvchim_utils.obj
 0001:0001e0b0       _HBA_ModuleStarted@4       0002f0b0 f   mvchim_utils.obj
 0001:0001e0ce       _MvWriteNVSegment@20       0002f0ce f   mvchim_utils.obj
 0001:0001e108       _MvReadNVSegment@24        0002f108 f   mvchim_utils.obj
 0001:0001e148       _MvReadRAMSegment@20       0002f148 f   mvchim_utils.obj
 0001:0001e182       _MvWriteRAMSegment@20      0002f182 f   mvchim_utils.obj
 0001:0001e1bc       _MvSectEraseRAMSegment@8   0002f1bc f   mvchim_utils.obj
 0001:0001e1e6       _MvProfileAdapter@12       0002f1e6 f   mvchim_utils.obj
 0001:0001e20e       _MvAdjustAdapterProfile@16 0002f20e f   mvchim_utils.obj
 0001:0001e22c       _MvProfilePort@12          0002f22c f   mvchim_utils.obj
 0001:0001e24e       _MvProfileDevicePort@12    0002f24e f   mvchim_utils.obj
 0001:0001e394       _MvProfilePhy@12           0002f394 f   mvchim_utils.obj
 0001:0001e3b2       _MvProfileLu@12            0002f3b2 f   mvchim_utils.obj
 0001:0001e3dc       _MvAdjustPortProfile@16    0002f3dc f   mvchim_utils.obj
 0001:0001e3dc       _MvAdjustDevicePortProfile@16 0002f3dc f   mvchim_utils.obj
 0001:0001e3dc       _MvAdjustPhyProfile@16     0002f3dc f   mvchim_utils.obj
 0001:0001e3dc       _MvAdjustLuProfile@16      0002f3dc f   mvchim_utils.obj
 0001:0001e3e6       _MvPollIRQ@4               0002f3e6 f   mvchim_utils.obj
 0001:0001e3e6       _MvDeleteAdapterTSCB@4     0002f3e6 f   mvchim_init.obj
 0001:0001e3e6       _MvClearLuTSH@4            0002f3e6 f   mvchim_utils.obj
 0001:0001e3f0       _MvInitialize@4            0002f3f0 f   mvchim_utils.obj
 0001:0001e478       _MVchim_get_iohandle@8     0002f478 f   mvchim_utils.obj
 0001:0001e4b0       _MVOSMReadUExact32@12      0002f4b0 f   mvchim_utils.obj
 0001:0001e4e4       _MVOSMWriteUExact32@16     0002f4e4 f   mvchim_utils.obj
 0001:0001e516       _MVOSMReadPCIConfigurationDword@8 0002f516 f   mvchim_utils.obj
 0001:0001e540       _MVOSMWritePCIConfigurationDword@12 0002f540 f   mvchim_utils.obj
 0001:0001e56c       _getPool@4                 0002f56c f   mvchim_utils.obj
 0001:0001e58c       _res_free_req_to_pool@8    0002f58c f   res_mgmt.obj
 0001:0001e5b8       _res_get_req_from_pool@4   0002f5b8 f   res_mgmt.obj
 0001:0001e5fc       _AllocateCachedMemoryPool@4 0002f5fc f   mem_utils.obj
 0001:0001e61a       @__security_check_cookie@4 0002f61a f   BufferOverflowK:secchk.obj
 0001:0001e62e       ___report_gsfailure        0002f62e f   BufferOverflowK:gs_report.obj
 0001:0001e660       __aullshr                  0002f660 f   int64:ullshr.obj
 0001:0001e690       __allmul                   0002f690 f   int64:llmul.obj
 0001:0001e6d0       __aullrem                  0002f6d0 f   int64:ullrem.obj
 0001:0001e750       __aulldiv                  0002f750 f   int64:ulldiv.obj
 0001:0001e7c0       _memcpy                    0002f7c0 f   storport:memcpy.obj
 0001:0001eb10       _memset                    0002fb10 f   storport:memset.obj
 0001:0001eb70       ??_C@_07HPMHGBON@ntldr?$DN1?$AA@FNODOBFM@ 0002fb70     regreader.obj
 0001:0001eb78       ??_C@_06KGPGLGBE@dump?$DN1?$AA@FNODOBFM@ 0002fb78     regreader.obj
 0001:0001eb80       ??_C@_1BA@CMKGIANO@?$AAM?$AAa?$AAx?$AAL?$AAu?$AAn?$AAs?$AA?$AA@FNODOBFM@ 0002fb80     regreader.obj
 0001:0001eb90       ??_C@_1BA@MHCBCPNL@?$AAM?$AAa?$AAx?$AAT?$AAa?$AAg?$AAs?$AA?$AA@FNODOBFM@ 0002fb90     regreader.obj
 0001:0001eba0       ??_C@_1BM@JEGNIDLI@?$AAM?$AAa?$AAx?$AAi?$AAm?$AAu?$AAm?$AAS?$AAG?$AAL?$AAi?$AAs?$AAt?$AA?$AA@FNODOBFM@ 0002fba0     regreader.obj
 0001:0001ebbc       ??_C@_1CG@GDNLFIP@?$AA?2?$AAP?$AAa?$AAr?$AAa?$AAm?$AAe?$AAt?$AAe?$AAr?$AAs?$AA?2?$AAD?$AAe?$AAv?$AAi?$AAc?$AAe?$AA?$AA@FNODOBFM@ 0002fbbc     regreader.obj
 0001:0001ebe2       ??_C@_0M@DCLFAKAJ@HBA?5?5?5?5?5?5?5?5?$AA@FNODOBFM@ 0002fbe2     ntinit.obj
 0001:0001ebee       ??_C@_07OBLNEOFN@ADAPTEC?5@FNODOBFM@ 0002fbee     ntinit.obj
 0001:0001ebf8       ??_C@_06EDFEKNLJ@MVSATA?$AA@FNODOBFM@ 0002fbf8     core_helper.obj
 0001:0001ec00       ??_C@_0BB@JCEFLFJE@0123456789abcdef?$AA@FNODOBFM@ 0002fc00     core_i2c.obj
 0002:00000000       __imp__KeTickCount         00030000     storport:NTOSKRNL.exe
 0002:00000000       _KeTickCount               00030000     storport:NTOSKRNL.exe
 0002:00000004       __imp__KeBugCheckEx@20     00030004     storport:NTOSKRNL.exe
 0002:00000008       \177NTOSKRNL_NULL_THUNK_DATA 00030008     storport:NTOSKRNL.exe
 0002:0000000c       __imp__ExAllocatePoolWithTag@12 0003000c     wdm:ntoskrnl.exe
 0002:00000010       __imp__IoAllocateErrorLogEntry@8 00030010     wdm:ntoskrnl.exe
 0002:00000014       __imp__IoWriteErrorLogEntry@4 00030014     wdm:ntoskrnl.exe
 0002:00000018       __imp__RtlInitUnicodeString@8 00030018     wdm:ntoskrnl.exe
 0002:0000001c       __imp__RtlQueryRegistryValues@20 0003001c     wdm:ntoskrnl.exe
 0002:00000020       \177ntoskrnl_NULL_THUNK_DATA 00030020     wdm:ntoskrnl.exe
 0002:00000024       __imp__StorPortStallExecution@4 00030024     storport:storport.sys
 0002:00000028       __imp__StorPortSetBusDataByOffset@28 00030028     storport:storport.sys
 0002:0000002c       __imp__StorPortReadPortUchar@8 0003002c     storport:storport.sys
 0002:00000030       __imp__StorPortReadPortUshort@8 00030030     storport:storport.sys
 0002:00000034       __imp__StorPortInitialize@16 00030034     storport:storport.sys
 0002:00000038       __imp__StorPortWritePortUchar@12 00030038     storport:storport.sys
 0002:0000003c       __imp__StorPortWritePortUshort@12 0003003c     storport:storport.sys
 0002:00000040       __imp__StorPortWritePortUlong@12 00030040     storport:storport.sys
 0002:00000044       __imp__StorPortNotification 00030044     storport:storport.sys
 0002:00000048       __imp__StorPortSetDeviceQueueDepth@20 00030048     storport:storport.sys
 0002:0000004c       __imp__StorPortGetLogicalUnit@16 0003004c     storport:storport.sys
 0002:00000050       __imp__StorPortGetPhysicalAddress@16 00030050     storport:storport.sys
 0002:00000054       __imp__StorPortGetBusData@24 00030054     storport:storport.sys
 0002:00000058       __imp__StorPortGetDeviceBase@28 00030058     storport:storport.sys
 0002:0000005c       __imp__StorPortGetUncachedExtension@12 0003005c     storport:storport.sys
 0002:00000060       __imp__StorPortLogError@28 00030060     storport:storport.sys
 0002:00000064       __imp__StorPortReady@4     00030064     storport:storport.sys
 0002:00000068       __imp__StorPortResumeDevice@16 00030068     storport:storport.sys
 0002:0000006c       __imp__StorPortBusy@8      0003006c     storport:storport.sys
 0002:00000070       __imp__StorPortReadPortUlong@8 00030070     storport:storport.sys
 0002:00000074       __imp__StorPortPauseDevice@20 00030074     storport:storport.sys
 0002:00000078       \177storport_NULL_THUNK_DATA 00030078     storport:storport.sys
 0003:00000000       _ChipsSupported            00031000     ntinit.obj
 0003:00000010       _core_pd_cmd_handler       00031010     core_api.obj
 0003:00000038       ___core_mod_ops            00031038     core_exp.obj
 0003:000000e8       _I2C_INQUIRY_DEVICE_DATA   000310e8     core_i2c.obj
 0003:0000010c       _I2C_INQUIRY_VPD_PAGE0_DATA 0003110c     core_i2c.obj
 0003:00000114       _I2C_INQUIRY_VPD_PAGE80_DATA 00031114     core_i2c.obj
 0003:00000118       _I2C_INQUIRY_VPD_PAGE83_DATA 00031118     core_i2c.obj
 0003:00000134       _ATMEL_SPI_CMD             00031134     core_spi.obj
 0003:00000144       _MXIC_SPI_CMD              00031144     core_spi.obj
 0003:00000558       _MvFuncPtrs                00031558     mvchim_init.obj
 0003:00000630       _MVConfiguration           00031630     mvchim_init.obj
 0003:000006a8       ___security_cookie         000316a8     BufferOverflowK:gs_support.obj
 0003:000006ac       ___security_cookie_complement 000316ac     BufferOverflowK:gs_support.obj
 0003:000006c0       _Global_Eip_Bit            000316c0     ses2dev.obj
 0003:000006c1       _Enclosure_Flag            000316c1     ses2dev.obj
 0003:000006ce       _Discovery_state           000316ce     core_ibcd.obj
 0003:000006f0       _modePageBuf               000316f0     scsi2sata.obj
 0003:00000710       _temp                      00031710     <common>
 0003:00000714       _driverObjectRef           00031714     <common>
 0003:00000718       _stopadapter_called        00031718     <common>
 0003:00000720       _regPath                   00031720     <common>
 0003:0000091e       _max_io                    0003191e     <common>
 0004:00000005       _GsDriverEntry@8           00032005 f   BufferOverflowK:gs_support.obj
 0004:00000044       __IMPORT_DESCRIPTOR_storport 00032044     storport:storport.sys
 0004:00000058       __IMPORT_DESCRIPTOR_NTOSKRNL 00032058     storport:NTOSKRNL.exe
 0004:0000006c       __IMPORT_DESCRIPTOR_ntoskrnl 0003206c     wdm:ntoskrnl.exe
 0004:00000080       __NULL_IMPORT_DESCRIPTOR   00032080     storport:NTOSKRNL.exe

 entry point at        0004:00000005

 Static symbols

 0001:0000005e       _RtlUnicodeStringValidateWorker@12 0001105e f   regreader.obj
 0001:0000bf08       _mv_swap_bytes@8           0001cf08 f   core_api.obj
 0001:0000cf04       ___post_complete_req@8     0001df04 f   core_exp.obj
 0001:0000cf04       ___post_complete_req@8     0001df04 f   core_exp.obj
 0001:0000cf60       ___core_ops_get_res_desc@8 0001df60 f   core_exp.obj
 0001:0000d0f8       ___core_ops_init@12        0001e0f8 f   core_exp.obj
 0001:0000d950       ___core_ops_start@4        0001e950 f   core_exp.obj
 0001:0000d970       ___core_ops_stop@4         0001e970 f   core_exp.obj
 0001:0000d9b6       ___is_scsi_cmd_simulated@4 0001e9b6 f   core_exp.obj
 0001:0000e236       _IBCD_SMPReq_Callback@8    0001f236 f   core_exp.obj
 0001:0000f03a       ___core_ops_monitor@4      0002003a f   core_exp.obj
 0001:0000f09a       ___core_ops_reset@4        0002009a f   core_exp.obj
 0001:0000f6f2       _Port_HandlePortInterrupt@8 000206f2 f   core_exp.obj
 0001:0000f97c       ___handle_attention@4      0002097c f   core_exp.obj
 0001:00010e10       ___handle_waiting_list@4   00021e10 f   core_exp.obj
 0001:00011092       ___core_ops_send_request@8 00022092 f   core_exp.obj
 0001:00011b06       _List_GetFirst@4           00022b06 f   core_helper.obj
 0001:00011b06       _List_GetFirst@4           00022b06 f   core_helper.obj
 0001:00011b06       _List_GetFirst@4           00022b06 f   core_helper.obj
 0001:00011b28       ___next_active_dev_id@8    00022b28 f   core_helper.obj
 0001:00012c12       _modeSelect@8              00023c12 f   core_helper.obj
 0001:000134a0       _Core_TaskReqCallback@8    000244a0 f   core_helper.obj
 0001:000135aa       _Core_ATASetFeatureReqCallback@8 000245aa f   core_helper.obj
 0001:000141f8       _RuntimeIssueReqCallback@8 000251f8 f   core_helper.obj
 0001:00015372       _I2C_DeviceStateMachine@8  00026372 f   core_i2c.obj
 0001:00015666       _SMP_Callback@16           00026666 f   core_ibcd.obj
 0001:000169b8       _mv_is_sig_fis_received@12 000279b8 f   core_init.obj
 0001:000169b8       _mv_is_sig_fis_received@12 000279b8 f   core_init.obj
 0001:00017438       _SAS_DeviceStateMachine@8  00028438 f   core_init.obj
 0001:000175ba       _ResetController@4         000285ba f   core_init.obj
 0001:00017b7a       _InitChip@4                00028b7a f   core_init.obj
 0001:00018e5e       _Device_IssueIdentify@8    00029e5e f   core_init.obj
 0001:00019174       _Device_IssueSetUDMAMode@8 0002a174 f   core_init.obj
 0001:000191d0       _Device_IssueSetPIOMode@8  0002a1d0 f   core_init.obj
 0001:0001922c       _Device_EnableWriteCache@8 0002a22c f   core_init.obj
 0001:0001a856       _SATA_InternalReqCallback@8 0002b856 f   core_init.obj
 0001:0001aa6c       _Device_EnableReadAhead@8  0002ba6c f   core_init.obj
 0001:0001d3f6       _MvQueueIOB_Callback@8     0002e3f6 f   mvchim_init.obj
